
================================================================================ 
RUNNING BENCHMARKS IN SCALAR MODE (NO SIMD)
================================================================================ 

SIMD optimization: DISABLED
This run will establish the scalar baseline for comparison.

speaker: Direct access to Praat C functionality
See ?speaker for an overview and citation information.
Use citation('speaker') for citing this package in publications.

================================================================================ 
SPEAKER PACKAGE - SIMD BASELINE BENCHMARKS
================================================================================ 
Date: 2025-11-18 13:49:11 
Package version: 0.5.0 
R version: R version 4.4.2 (2024-10-31) 
Platform: aarch64-apple-darwin20 
================================================================================ 

⚠️  Mode forced to: scalar (via SPEAKER_BENCHMARK_MODE env var)
SIMD support: ✗ Not available 
Run mode: scalar 

💡 TIP: To generate SIMD comparison:
   install.packages('RcppXsimd') then re-run benchmarks
   OR: Sys.setenv(SPEAKER_BENCHMARK_MODE='simd'); source('inst/benchmarks/00_run_all_benchmarks.R')


================================================================================ 
Running: 01_matrix_operations.R 
================================================================================ 
================================================================================ 
Benchmark 1: Matrix Operations (SCALAR mode)
================================================================================ 


Testing small matrix (100x100):
# A tibble: 4 × 5
  expression      min   median `itr/sec` mem_alloc
  <bch:expr> <bch:tm> <bch:tm>     <dbl> <bch:byt>
1 sum          3.44µs   3.53µs   258974.    2.25KB
2 mean         3.48µs   3.71µs   248878.    2.25KB
3 min          3.08µs   3.24µs   294211.    2.27KB
4 max          3.03µs    3.2µs   306717.    2.27KB


Testing medium matrix (500x500):
# A tibble: 4 × 5
  expression      min   median `itr/sec` mem_alloc
  <bch:expr> <bch:tm> <bch:tm>     <dbl> <bch:byt>
1 sum          98.9µs  101.4µs     9123.        0B
2 mean         87.2µs   88.2µs    10167.        0B
3 min          61.8µs   66.2µs    13693.        0B
4 max          61.4µs   85.1µs    12356.        0B


Testing large matrix (1000x1000):
# A tibble: 4 × 5
  expression      min   median `itr/sec` mem_alloc
  <bch:expr> <bch:tm> <bch:tm>     <dbl> <bch:byt>
1 sum           392µs    408µs     2420.        0B
2 mean          392µs    393µs     2489.        0B
3 min           266µs    267µs     3618.        0B
4 max           266µs    280µs     3557.        0B


Testing xlarge matrix (2000x2000):
# A tibble: 4 × 5
  expression      min   median `itr/sec` mem_alloc
  <bch:expr> <bch:tm> <bch:tm>     <dbl> <bch:byt>
1 sum           1.7ms   1.79ms      554.        0B
2 mean         1.71ms   1.82ms      551.        0B
3 min          1.15ms   1.19ms      822.        0B
4 max          1.15ms   1.17ms      830.        0B

✗ Error in 01_matrix_operations.R : cannot open the connection 

================================================================================ 
Running: 02_data_conversion.R 
================================================================================ 
================================================================================ 
Benchmark 2: Data Conversion [SCALAR mode]
================================================================================ 


Testing mono_1s (1 channels, 1.0 seconds, 44100 samples):

Creation:
# A tibble: 1 × 5
  expression        min   median `itr/sec` mem_alloc
  <bch:expr>   <bch:tm> <bch:tm>     <dbl> <bch:byt>
1 create_sound    141µs    148µs     6437.     740KB

Export:
# A tibble: 2 × 5
  expression         min   median `itr/sec` mem_alloc
  <bch:expr>    <bch:tm> <bch:tm>     <dbl> <bch:byt>
1 export_matrix   33.7µs   37.1µs    24637.     347KB
2 export_df      207.2µs  217.7µs     4515.     921KB


Testing stereo_1s (2 channels, 1.0 seconds, 44100 samples):

Creation:
# A tibble: 1 × 5
  expression        min   median `itr/sec` mem_alloc
  <bch:expr>   <bch:tm> <bch:tm>     <dbl> <bch:byt>
1 create_sound    167µs    179µs     5345.    3.51KB

Export:
# A tibble: 2 × 5
  expression         min   median `itr/sec` mem_alloc
  <bch:expr>    <bch:tm> <bch:tm>     <dbl> <bch:byt>
1 export_matrix   53.9µs   58.6µs    16377.  689.11KB
2 export_df        302µs  369.5µs     2370.    1.68MB


Testing mono_10s (1 channels, 10.0 seconds, 441000 samples):

Creation:
# A tibble: 1 × 5
  expression        min   median `itr/sec` mem_alloc
  <bch:expr>   <bch:tm> <bch:tm>     <dbl> <bch:byt>
1 create_sound    426µs    445µs     2227.    3.51KB

Export:
# A tibble: 2 × 5
  expression         min   median `itr/sec` mem_alloc
  <bch:expr>    <bch:tm> <bch:tm>     <dbl> <bch:byt>
1 export_matrix 225.01µs 369.78µs     2811.    3.37MB
2 export_df       1.32ms   1.46ms      660.    8.41MB


Testing stereo_10s (2 channels, 10.0 seconds, 441000 samples):

Creation:
# A tibble: 1 × 5
  expression        min   median `itr/sec` mem_alloc
  <bch:expr>   <bch:tm> <bch:tm>     <dbl> <bch:byt>
1 create_sound    754µs    863µs     1131.    3.51KB

Export:
# A tibble: 2 × 5
  expression         min   median `itr/sec` mem_alloc
  <bch:expr>    <bch:tm> <bch:tm>     <dbl> <bch:byt>
1 export_matrix 736.15µs 900.11µs     1098.    6.73MB
2 export_df       2.32ms   2.73ms      322.   16.82MB


Testing mono_60s (1 channels, 60.0 seconds, 2646000 samples):

Creation:
# A tibble: 1 × 5
  expression        min   median `itr/sec` mem_alloc
  <bch:expr>   <bch:tm> <bch:tm>     <dbl> <bch:byt>
1 create_sound   2.19ms   2.71ms      324.    3.51KB

Export:
# A tibble: 2 × 5
  expression         min   median `itr/sec` mem_alloc
  <bch:expr>    <bch:tm> <bch:tm>     <dbl> <bch:byt>
1 export_matrix   2.21ms   2.39ms      425.    20.2MB
2 export_df       7.14ms   8.13ms      126.    50.5MB

✗ Error in 02_data_conversion.R : cannot open the connection 

================================================================================ 
Running: 03_tone_generation.R 
================================================================================ 
✗ Error in 03_tone_generation.R : 03_tone_generation.R:8:20: unexpected string constant
7: 
8: cat(strrep("=", 80)", toupper(run_mode))\n"
                      ^ 

================================================================================ 
Running: 06_phase2_intensity.R 
================================================================================ 

=== Phase 2: Intensity Calculations Benchmark ===
Target speedup: 3-5x
Operations: RMS over windows, energy calculations


Benchmarking: Small (0.5s)
  Duration: 0.5s, Sample rate: 16000 Hz
  RMS: median = 10.1µs
  Energy: median = 10.7µs
  to_intensity: median = 22.8ms
  Power: median = 9.06µs

Benchmarking: Medium (2s)
  Duration: 2.0s, Sample rate: 16000 Hz
  RMS: median = 25.2µs
  Energy: median = 25.3µs
  to_intensity: median = 32.3ms
  Power: median = 25.2µs

Benchmarking: Large (10s)
  Duration: 10.0s, Sample rate: 16000 Hz
  RMS: median = 108µs
  Energy: median = 108µs
  to_intensity: median = 24.7ms
  Power: median = 105µs

Benchmarking: XLarge (30s)
  Duration: 30.0s, Sample rate: 16000 Hz
  RMS: median = 297µs
  Energy: median = 297µs
  to_intensity: median = 26.8ms
  Power: median = 297µs

=== Summary ===
     size    operation  median_time mem_alloc
1   small          RMS 1.008599e-05         0
2   small       Energy 1.070101e-05         0
3   small to_intensity 2.276662e-02    604848
4   small        Power 9.061070e-06         0
5  medium          RMS 2.521509e-05         0
6  medium       Energy 2.529705e-05         0
7  medium to_intensity 3.228424e-02      1456
8  medium        Power 2.521509e-05         0
9   large          RMS 1.082401e-04         0
10  large       Energy 1.082605e-04         0
11  large to_intensity 2.466644e-02      1456
12  large        Power 1.047141e-04         0
13 xlarge          RMS 2.970860e-04         0
14 xlarge       Energy 2.970450e-04         0
15 xlarge to_intensity 2.677269e-02      1456
16 xlarge        Power 2.969630e-04         0

Results saved to: results/baseline/06_phase2_intensity_20251118_134920.rds

Note: After SIMD implementation, re-run with simd_enabled = TRUE
Expected speedup: 3-5x for all operations
✓ Completed: 06_phase2_intensity.R 

================================================================================ 
Running: 07_phase2_sound_mixing.R 
================================================================================ 

=== Phase 2: Sound Mixing Benchmark (SKIPPED) ===
Status: Benchmark disabled - awaiting sound manipulation function implementation
Required functions: sound_add(), sound_multiply(), sound_scale_peak()


Placeholder saved to: results/baseline/07_phase2_sound_mixing_20251118_134920.rds
This benchmark will be enabled once sound manipulation functions are implemented.
✓ Completed: 07_phase2_sound_mixing.R 

================================================================================ 
Running: 12_phase3_window_functions.R 
================================================================================ 

=== Phase 3: Window Functions Benchmark ===
Target speedup: 4-6x (EPYC), 2.5-3x (M1)
Operations: Hamming, Hanning, Gaussian windows


Benchmarking: Small (256 samples, typical FFT frame) 
✗ Error in 12_phase3_window_functions.R : could not find function ".apply_hamming_window_scalar" 

================================================================================ 
Running: 13_phase3_autocorrelation.R 
================================================================================ 

=== Phase 3: Autocorrelation Benchmark ===
Target speedup: 4.5-6x (EPYC), 2.5-3.5x (M1) - HIGHEST IMPACT
Operations: Autocorrelation for pitch detection and LPC


Benchmarking: Small (0.025s @ 16kHz, typical pitch frame) 
✗ Error in 13_phase3_autocorrelation.R : could not find function ".autocorrelation_scalar" 

================================================================================ 
Running: 08_phase3_fft_operations.R 
================================================================================ 

=== Phase 3: FFT Operations Benchmark (SKIPPED) ===
Status: Benchmark disabled - method signature verification needed
Target operations: to_spectrogram(), to_spectrum(), to_ltas(), to_harmonicity_ac()


Placeholder saved to: results/baseline/08_phase3_fft_operations_20251118_134920.rds
✓ Completed: 08_phase3_fft_operations.R 

================================================================================ 
Running: 09_phase3_formant_lpc.R 
================================================================================ 

=== Phase 3: Formant/LPC Benchmark (SKIPPED) ===
Status: Benchmark disabled - method signature verification needed
Target operations: to_formant_burg(), to_lpc_burg(), to_lpc_autocorrelation()


Placeholder saved to: results/baseline/09_phase3_formant_lpc_20251118_134920.rds
✓ Completed: 09_phase3_formant_lpc.R 

================================================================================ 
Running: 10_phase3_pitch_detection.R 
================================================================================ 

=== Phase 3: Pitch Detection Benchmark (SKIPPED) ===
Status: Benchmark disabled - method signature verification needed
Target operations: to_pitch(), to_pitch_ac(), to_pitch_cc()


Placeholder saved to: results/baseline/10_phase3_pitch_detection_20251118_134920.rds
✓ Completed: 10_phase3_pitch_detection.R 

================================================================================ 
Running: 11_end_to_end_pipelines.R 
================================================================================ 

=== End-to-End Pipeline Benchmarks (SKIPPED) ===
Status: Benchmark disabled - awaiting Phase 3 function verification
Target pipelines: Vowel analysis, prosody extraction, complete workflows


Placeholder saved to: results/baseline/11_end_to_end_pipelines_20251118_134920.rds
✓ Completed: 11_end_to_end_pipelines.R 

================================================================================ 
Running: 04_parselmouth_comparison.R 
================================================================================ 
================================================================================
Benchmark 4: Parselmouth Comparison
================================================================================

Checking parselmouth...
✓ Parselmouth version: 0.4.6 

✗ Test audio file not found at inst/extdata/test.wav
  Using synthetic audio for speaker-only benchmarks...

Running speaker benchmarks (synthetic audio):

  Benchmarking pitch extraction...
  Benchmarking formant extraction...
  Benchmarking intensity...

Results (10 iterations each):
  Pitch:     0.008 seconds (0.8 ms/iter)
  Formants:  0.050 seconds (5.0 ms/iter)
  Intensity: 0.009 seconds (0.9 ms/iter)

Note: Parselmouth comparison requires test.wav file
      Showing speaker-only results instead.

Warning messages:
1: In gzfile(file, mode) :
  cannot open compressed file 'inst/benchmarks/results/01_matrix_operations_scalar.rds', probable reason 'No such file or directory'
2: In gzfile(file, mode) :
  cannot open compressed file 'inst/benchmarks/results/02_data_conversion_scalar.rds', probable reason 'No such file or directory'
