* using log directory ‘/Users/frkkan96/Documents/src/pladdrr/pladdrr.Rcheck’
* using R version 4.4.2 (2024-10-31)
* using platform: aarch64-apple-darwin20
* R was compiled by
    Apple clang version 14.0.0 (clang-1400.0.29.202)
    GNU Fortran (GCC) 12.2.0
* running under: macOS 26.1
* using session charset: UTF-8
* using options ‘--no-tests --no-manual --no-vignettes --no-build-vignettes’
* checking for file ‘pladdrr/DESCRIPTION’ ... OK
* checking extension type ... Package
* this is package ‘pladdrr’ version ‘0.9.11’
* package encoding: UTF-8
* checking package namespace information ... OK
* checking package dependencies ... OK
* checking if this is a source package ... NOTE
Found the following apparent object files/libraries:
  pladdrr/src/fon/AmplitudeTier.o pladdrr/src/fon/AnyTier.o
  pladdrr/src/fon/Cochleagram.o
  pladdrr/src/fon/Cochleagram_and_Excitation.o
  pladdrr/src/fon/Distributions_and_Transition.o
  pladdrr/src/fon/DurationTier.o pladdrr/src/fon/Excitation.o
  pladdrr/src/fon/Excitation_to_Formant.o pladdrr/src/fon/Formant.o
  pladdrr/src/fon/FormantGrid.o pladdrr/src/fon/FormantTier.o
  pladdrr/src/fon/Function.o pladdrr/src/fon/Harmonicity.o
  pladdrr/src/fon/Image.o pladdrr/src/fon/Intensity.o
  pladdrr/src/fon/IntensityTier.o pladdrr/src/fon/Label.o
  pladdrr/src/fon/Ltas.o pladdrr/src/fon/Ltas_to_SpectrumTier.o
  pladdrr/src/fon/Manipulation.o pladdrr/src/fon/Matrix.o
  pladdrr/src/fon/Matrix_and_Pitch.o
  pladdrr/src/fon/Matrix_and_PointProcess.o
  pladdrr/src/fon/Matrix_and_Polygon.o pladdrr/src/fon/ParamCurve.o
  pladdrr/src/fon/Pitch.o pladdrr/src/fon/PitchTier.o
  pladdrr/src/fon/PitchTier_to_PointProcess.o
  pladdrr/src/fon/PitchTier_to_Sound.o
  pladdrr/src/fon/Pitch_AnyTier_to_PitchTier.o
  pladdrr/src/fon/Pitch_Intensity.o
  pladdrr/src/fon/Pitch_to_PitchTier.o
  pladdrr/src/fon/Pitch_to_PointProcess.o
  pladdrr/src/fon/Pitch_to_Sound.o pladdrr/src/fon/PointProcess.o
  pladdrr/src/fon/PointProcess_and_Sound.o pladdrr/src/fon/Polygon.o
  pladdrr/src/fon/RealTier.o pladdrr/src/fon/Sampled.o
  pladdrr/src/fon/SampledXY.o pladdrr/src/fon/Sound.o
  pladdrr/src/fon/Sound_PointProcess.o
  pladdrr/src/fon/Sound_and_Spectrogram.o
  pladdrr/src/fon/Sound_and_Spectrum.o pladdrr/src/fon/Sound_enhance.o
  pladdrr/src/fon/Sound_to_Cochleagram.o
  pladdrr/src/fon/Sound_to_Formant.o
  pladdrr/src/fon/Sound_to_Harmonicity.o
  pladdrr/src/fon/Sound_to_Harmonicity_GNE.o
  pladdrr/src/fon/Sound_to_Intensity.o pladdrr/src/fon/Sound_to_Pitch.o
  pladdrr/src/fon/Sound_to_PointProcess.o pladdrr/src/fon/Spectrogram.o
  pladdrr/src/fon/Spectrum.o pladdrr/src/fon/SpectrumTier.o
  pladdrr/src/fon/Spectrum_and_Spectrogram.o
  pladdrr/src/fon/Spectrum_to_Excitation.o
  pladdrr/src/fon/Spectrum_to_Formant.o pladdrr/src/fon/TextGrid.o
  pladdrr/src/fon/TextGrid_Sound.o pladdrr/src/fon/Transition.o
  pladdrr/src/fon/Vector.o pladdrr/src/fon/VocalTract.o
  pladdrr/src/fon/VocalTract_to_Spectrum.o
  pladdrr/src/fon/VoiceAnalysis.o pladdrr/src/kar/longchar.o
  pladdrr/src/melder/MAT.o pladdrr/src/melder/MelderCat.o
  pladdrr/src/melder/MelderReadText.o pladdrr/src/melder/MelderString.o
  pladdrr/src/melder/NUM.o pladdrr/src/melder/NUMear.o
  pladdrr/src/melder/NUMfilter.o pladdrr/src/melder/NUMinterpol.o
  pladdrr/src/melder/NUMlinprog.o pladdrr/src/melder/NUMmath.o
  pladdrr/src/melder/NUMmetrics.o pladdrr/src/melder/NUMrandom.o
  pladdrr/src/melder/NUMspecfunc.o pladdrr/src/melder/STR.o
  pladdrr/src/melder/STRVEC.o pladdrr/src/melder/VEC.o
  pladdrr/src/melder/abcio.o pladdrr/src/melder/complex.o
  pladdrr/src/melder/melder.o pladdrr/src/melder/melder_alloc.o
  pladdrr/src/melder/melder_app.o pladdrr/src/melder/melder_atof.o
  pladdrr/src/melder/melder_casual.o pladdrr/src/melder/melder_colour.o
  pladdrr/src/melder/melder_console.o pladdrr/src/melder/melder_debug.o
  pladdrr/src/melder/melder_error.o pladdrr/src/melder/melder_files.o
  pladdrr/src/melder/melder_ftoa.o pladdrr/src/melder/melder_help.o
  pladdrr/src/melder/melder_info.o pladdrr/src/melder/melder_play.o
  pladdrr/src/melder/melder_progress.o
  pladdrr/src/melder/melder_quantity.o
  pladdrr/src/melder/melder_search.o pladdrr/src/melder/melder_sort.o
  pladdrr/src/melder/melder_str32.o pladdrr/src/melder/melder_sysenv.o
  pladdrr/src/melder/melder_tensorio.o
  pladdrr/src/melder/melder_textencoding.o
  pladdrr/src/melder/melder_time.o pladdrr/src/melder/melder_trust.o
  pladdrr/src/melder/melder_warning.o pladdrr/src/melder/regularExp.o
  pladdrr/src/praat.github.io/LPC/Cepstrum.o
  pladdrr/src/praat.github.io/LPC/Cepstrum_and_Spectrum.o
  pladdrr/src/praat.github.io/LPC/Cepstrumc.o
  pladdrr/src/praat.github.io/LPC/LPC.o
  pladdrr/src/praat.github.io/LPC/LPC_and_Cepstrumc.o
  pladdrr/src/praat.github.io/LPC/LPC_and_Formant.o
  pladdrr/src/praat.github.io/LPC/LPC_and_LineSpectralFrequencies.o
  pladdrr/src/praat.github.io/LPC/LPC_and_Polynomial.o
  pladdrr/src/praat.github.io/LPC/LPC_to_Spectrogram.o
  pladdrr/src/praat.github.io/LPC/LPC_to_Spectrum.o
  pladdrr/src/praat.github.io/LPC/LineSpectralFrequencies.o
  pladdrr/src/praat.github.io/LPC/PowerCepstrogram.o
  pladdrr/src/praat.github.io/LPC/PowerCepstrum.o
  pladdrr/src/praat.github.io/LPC/Roots_and_Formant.o
  pladdrr/src/praat.github.io/LPC/Sound_and_Cepstrum.o
  pladdrr/src/praat.github.io/LPC/Sound_and_LPC.o
  pladdrr/src/praat.github.io/LPC/Sound_to_PowerCepstrogram.o
  pladdrr/src/praat.github.io/dwsys/Eigen.o
  pladdrr/src/praat.github.io/dwsys/FunctionSeries.o
  pladdrr/src/praat.github.io/dwsys/MAT_numerics.o
  pladdrr/src/praat.github.io/dwsys/NUM2.o
  pladdrr/src/praat.github.io/dwsys/NUMFourier.o
  pladdrr/src/praat.github.io/dwsys/NUMhuber.o
  pladdrr/src/praat.github.io/dwsys/NUMstring.o
  pladdrr/src/praat.github.io/dwsys/Permutation.o
  pladdrr/src/praat.github.io/dwsys/PermutationInversionCounter.o
  pladdrr/src/praat.github.io/dwsys/Polynomial.o
  pladdrr/src/praat.github.io/dwsys/SlopeSelector.o
  pladdrr/src/praat.github.io/dwtools/Intensity_extensions.o
  pladdrr/src/praat.github.io/dwtools/SampledFrameIntoSampledFrame.o
  pladdrr/src/praat.github.io/dwtools/SampledIntoSampled.o
  pladdrr/src/praat.github.io/dwtools/SoundFrames.o
  pladdrr/src/praat.github.io/dwtools/TextGrid_extensions.o
  pladdrr/src/praat.github.io/sensors/Electroglottogram.o
  pladdrr/src/stat/Distributions.o pladdrr/src/stat/Table.o
  pladdrr/src/stat/TableOfReal.o pladdrr/src/sys/Collection.o
  pladdrr/src/sys/Data.o pladdrr/src/sys/Formula.o
  pladdrr/src/sys/Interpreter.o pladdrr/src/sys/Script.o
  pladdrr/src/sys/Simple.o pladdrr/src/sys/Strings.o
  pladdrr/src/sys/Thing.o
Object files/libraries should not be included in a source package.
* checking if there is a namespace ... OK
* checking for executable files ... WARNING
Found the following executable files:
  pladdrr/src/praat.github.io/docs/sendpraat-linux
  pladdrr/src/praat.github.io/docs/sendpraat-mac
  pladdrr/src/praat.github.io/docs/sendpraat-win.exe
  pladdrr/src/praat.github.io/docs/silipa93.exe
  pladdrr/src/praat.github.io/test/manually/spit/spit mac arm64
  pladdrr/src/praat.github.io/test/manually/spit/spit mac intel64
  pladdrr/src/praat.github.io/test/manually/spit/spit win arm64.exe
  pladdrr/src/praat.github.io/test/manually/spit/spit win intel64.exe
  pladdrr/src/praat.github.io/test/manually/spit/spit_mac_arm64
  pladdrr/src/praat.github.io/test/manually/spit/spit_mac_intel64
  pladdrr/src/praat.github.io/test/manually/spit/spit_win_arm64.exe
  pladdrr/src/praat.github.io/test/manually/spit/spit_win_intel64exe
  src/praat.github.io/test/manually/spit/spit mac arm64
  src/praat.github.io/test/manually/spit/spit mac intel64
  src/praat.github.io/test/manually/spit/spit win arm64.exe
  src/praat.github.io/test/manually/spit/spit win intel64.exe
  src/praat.github.io/test/manually/spit/spit_mac_arm64
  src/praat.github.io/test/manually/spit/spit_mac_intel64
  src/praat.github.io/test/manually/spit/spit_win_arm64.exe
  src/praat.github.io/test/manually/spit/spit_win_intel64exe
Source packages should not contain undeclared executable files.
See section ‘Package structure’ in the ‘Writing R Extensions’ manual.
* checking for hidden files and directories ... NOTE
Found the following hidden files and directories:
  pladdrr/src/clapack/.git
  pladdrr/src/praat.github.io/.clang-format
  pladdrr/src/praat.github.io/.git
  pladdrr/src/praat.github.io/docs/.nojekyll
  src/clapack/.git
  src/pffft/.git
  src/praat.github.io/.clang-format
  src/praat.github.io/.git
These were most likely included in error. See section ‘Package
structure’ in the ‘Writing R Extensions’ manual.
* checking for portable file names ... WARNING
Found the following files with non-portable file names:
  pladdrr/src/praat.github.io/docs/manual/Févotte__Bertin___Durrieu__2009_.html
  pladdrr/src/praat.github.io/docs/manual/Jäger__2003_.html
  pladdrr/src/praat.github.io/generate/Unicode/ISO-IEC 30112 wd10.pdf
  pladdrr/src/praat.github.io/generate/Unicode/UAX #44 Unicode Character Database 16.0.0.html
  pladdrr/src/praat.github.io/generate/Unicode/UnicodeData File Format 3.0.0.html
  pladdrr/src/praat.github.io/generate/espeak/data/voices/!v/Mr serious
  pladdrr/src/praat.github.io/test/fon/examples/あ　あ.wav
  pladdrr/src/praat.github.io/test/fon/examples/にほん.flac
  pladdrr/src/praat.github.io/test/kar/åbçéü.wav
  pladdrr/src/praat.github.io/test/kar/éééürtüéŋəü.wav
  pladdrr/src/praat.github.io/test/manually/commandLine/e x a m p l e.wav
  pladdrr/src/praat.github.io/test/manually/commandLine/p l a y.praat
  pladdrr/src/praat.github.io/test/manually/spit/spit mac arm64
  pladdrr/src/praat.github.io/test/manually/spit/spit mac intel64
  pladdrr/src/praat.github.io/test/manually/spit/spit win arm64.exe
  pladdrr/src/praat.github.io/test/manually/spit/spit win intel64.exe
  pladdrr/src/praat.github.io/test/sys/large PDF/large PDF.praat
  src/praat.github.io/test/fon/examples/あ　あ.wav
  src/praat.github.io/test/fon/examples/にほん.flac
  src/praat.github.io/test/kar/åbçéü.wav
  src/praat.github.io/test/kar/éééürtüéŋəü.wav
  src/praat.github.io/test/manually/commandLine/e x a m p l e.wav
  src/praat.github.io/test/manually/commandLine/p l a y.praat
  src/praat.github.io/test/manually/spit/spit mac arm64
  src/praat.github.io/test/manually/spit/spit mac intel64
  src/praat.github.io/test/manually/spit/spit win arm64.exe
  src/praat.github.io/test/manually/spit/spit win intel64.exe
  src/praat.github.io/test/sys/large PDF/large PDF.praat
  pladdrr/src/praat.github.io/test/fon ExperimentMFC
  pladdrr/src/praat.github.io/test/fon ExperimentMFC/fəuldə
  pladdrr/src/praat.github.io/test/fon/examples/sounds/elephant calls
  pladdrr/src/praat.github.io/test/manually/external/Chris Darwin
  pladdrr/src/praat.github.io/test/sys/large PDF
  src/praat.github.io/test/fon ExperimentMFC
  src/praat.github.io/test/fon ExperimentMFC/fəuldə
  src/praat.github.io/test/fon/examples/sounds/elephant calls
  src/praat.github.io/test/manually/external/Chris Darwin
  src/praat.github.io/test/sys/large PDF
These are not fully portable file names.
See section ‘Package structure’ in the ‘Writing R Extensions’ manual.
Found the following non-portable file paths:
  pladdrr/pladdrr/src/praat.github.io/docs/manual/BarkSpectrogram__Draw_Sekey-Hanson_auditory_filters___.html
  pladdrr/pladdrr/src/praat.github.io/docs/manual/Configuration___AffineTransform__To_Configuration.html
  pladdrr/pladdrr/src/praat.github.io/docs/manual/Configurations__To_AffineTransform__congruence____.html
  pladdrr/pladdrr/src/praat.github.io/docs/manual/Confusion___ClassificationTable__Increase_confusion_cou.html
  pladdrr/pladdrr/src/praat.github.io/docs/manual/Covariance__Get_significance_of_means_difference___.html
  pladdrr/pladdrr/src/praat.github.io/docs/manual/Covariance__Get_significance_of_variance_ratio___.html
  pladdrr/pladdrr/src/praat.github.io/docs/manual/Covariance___TableOfReal__Extract_quantile_range___.html
  pladdrr/pladdrr/src/praat.github.io/docs/manual/Covariance___TableOfReal__To_TableOfReal__mahalanobis__.html
  pladdrr/pladdrr/src/praat.github.io/docs/manual/Covariances__Report_multivariate_mean_difference___.html
  pladdrr/pladdrr/src/praat.github.io/docs/manual/Discriminant__Get_partial_discrimination_probability___.html
  pladdrr/pladdrr/src/praat.github.io/docs/manual/Discriminant___TableOfReal__To_ClassificationTable___.html
  pladdrr/pladdrr/src/praat.github.io/docs/manual/Discriminant___TableOfReal__To_TableOfReal__mahalanobis.html
  pladdrr/pladdrr/src/praat.github.io/docs/manual/Dissimilarity__To_Configuration__absolute_mds____.html
  pladdrr/pladdrr/src/praat.github.io/docs/manual/Dissimilarity__To_Configuration__i-spline_mds____.html
  pladdrr/pladdrr/src/praat.github.io/docs/manual/Dissimilarity__To_Configuration__interval_mds____.html
  pladdrr/pladdrr/src/praat.github.io/docs/manual/Dissimilarity__To_Configuration__monotone_mds____.html
  pladdrr/pladdrr/src/praat.github.io/docs/manual/Dissimilarity___Configuration__Draw_Shepard_diagram___.html
  pladdrr/pladdrr/src/praat.github.io/docs/manual/Dissimilarity___Configuration__Draw_regression__absolut.html
  pladdrr/pladdrr/src/praat.github.io/docs/manual/Dissimilarity___Configuration__Draw_regression__i-splin.html
  pladdrr/pladdrr/src/praat.github.io/docs/manual/Dissimilarity___Configuration__Draw_regression__interva.html
  pladdrr/pladdrr/src/praat.github.io/docs/manual/Dissimilarity___Configuration__Draw_regression__monoton.html
  pladdrr/pladdrr/src/praat.github.io/docs/manual/Dissimilarity___Configuration__Draw_regression__ratio_m.html
  pladdrr/pladdrr/src/praat.github.io/docs/manual/Dissimilarity___Configuration__Get_stress__absolute_mds.html
  pladdrr/pladdrr/src/praat.github.io/docs/manual/Dissimilarity___Configuration__Get_stress__i-spline_mds.html
  pladdrr/pladdrr/src/praat.github.io/docs/manual/Dissimilarity___Configuration__Get_stress__interval_mds.html
  pladdrr/pladdrr/src/praat.github.io/docs/manual/Dissimilarity___Configuration__Get_stress__monotone_mds.html
  pladdrr/pladdrr/src/praat.github.io/docs/manual/Dissimilarity___Configuration__Get_stress__ratio_mds___.html
  pladdrr/pladdrr/src/praat.github.io/docs/manual/Dissimilarity___Configuration__To_Configuration__absolu.html
  pladdrr/pladdrr/src/praat.github.io/docs/manual/Dissimilarity___Configuration__To_Configuration__i-spli.html
  pladdrr/pladdrr/src/praat.github.io/docs/manual/Dissimilarity___Configuration__To_Configuration__interv.html
  pladdrr/pladdrr/src/praat.github.io/docs/manual/Dissimilarity___Configuration__To_Configuration__kruska.html
  pladdrr/pladdrr/src/praat.github.io/docs/manual/Dissimilarity___Configuration__To_Configuration__monoto.html
  pladdrr/pladdrr/src/praat.github.io/docs/manual/Dissimilarity___Configuration__To_Configuration__ratio_.html
  pladdrr/pladdrr/src/praat.github.io/docs/manual/Dissimilarity___Configuration___Weight__Get_stress___.html
  pladdrr/pladdrr/src/praat.github.io/docs/manual/Dissimilarity___Configuration___Weight__To_Configuratio.html
  pladdrr/pladdrr/src/praat.github.io/docs/manual/Distance___Configuration__Draw_scatter_diagram___.html
  pladdrr/pladdrr/src/praat.github.io/docs/manual/Distance___Configuration__To_Configuration__indscal____.html
  pladdrr/pladdrr/src/praat.github.io/docs/manual/Distance___Configuration___Salience__To_Configuration__.html
  pladdrr/pladdrr/src/praat.github.io/docs/manual/EditDistanceTable___EditCostsTable__Set_new_edit_costs.html
  pladdrr/pladdrr/src/praat.github.io/docs/manual/Eigen__Get_cumulative_contribution_of_components___.html
  pladdrr/pladdrr/src/praat.github.io/docs/manual/Electroglottogram__To_TextGrid__closed_glottis____.html
  pladdrr/pladdrr/src/praat.github.io/docs/manual/Electroglottogram__To_TextGrid__closed_glottis_____1.png
  pladdrr/pladdrr/src/praat.github.io/docs/manual/ExperimentMFC_3_1__A_simple_discrimination_experiment.html
  pladdrr/pladdrr/src/praat.github.io/docs/manual/ExperimentMFC_3_2__An_AXB_discrimination_experiment.html
  pladdrr/pladdrr/src/praat.github.io/docs/manual/ExperimentMFC_3_4__Variable_inter-stimulus_intervals.html
  pladdrr/pladdrr/src/praat.github.io/docs/manual/ExperimentMFC_5_1__The_stimulus-dependent_run_text.html
  pladdrr/pladdrr/src/praat.github.io/docs/manual/ExperimentMFC_5_2__Stimulus-dependent_response_buttons.html
  pladdrr/pladdrr/src/praat.github.io/docs/manual/FFNet___PatternList___ActivationList__Get_average_costs.html
  pladdrr/pladdrr/src/praat.github.io/docs/manual/FFNet___PatternList___ActivationList__Get_total_costs__.html
  pladdrr/pladdrr/src/praat.github.io/docs/manual/FFNet___PatternList___Categories__Get_average_costs___.html
  pladdrr/pladdrr/src/praat.github.io/docs/manual/FFNet___PatternList___Categories__Get_total_costs___.html
  pladdrr/pladdrr/src/praat.github.io/docs/manual/Feedforward_neural_networks_1_1__The_learning_phase.html
  pladdrr/pladdrr/src/praat.github.io/docs/manual/Feedforward_neural_networks_1_2__The_classification_pha.html
  pladdrr/pladdrr/src/praat.github.io/docs/manual/Feedforward_neural_networks_1__What_is_a_feedforward_ne.html
  pladdrr/pladdrr/src/praat.github.io/docs/manual/Feedforward_neural_networks_1__What_is_a_feedforward_ne_1.png
  pladdrr/pladdrr/src/praat.github.io/docs/manual/Feedforward_neural_networks_3__FFNet_versus_discriminan.html
  pladdrr/pladdrr/src/praat.github.io/docs/manual/FormantPath__Down_to_Table__optimal_interval____.html
  pladdrr/pladdrr/src/praat.github.io/docs/manual/Formants__Extract_smoothest_part__constrained____.html
  pladdrr/pladdrr/src/praat.github.io/docs/manual/Garofolo__Lamel__Fisher__Fiscus__Pallett___Dahlgren__19.html
  pladdrr/pladdrr/src/praat.github.io/docs/manual/GaussianMixture__To_TableOfReal__random_sampling____.html
  pladdrr/pladdrr/src/praat.github.io/docs/manual/GaussianMixture___PCA__Draw_concentration_ellipses___.html
  pladdrr/pladdrr/src/praat.github.io/docs/manual/GaussianMixture___TableOfReal__Get_likelihood_value___.html
  pladdrr/pladdrr/src/praat.github.io/docs/manual/GaussianMixture___TableOfReal__Improve_likelihood___.html
  pladdrr/pladdrr/src/praat.github.io/docs/manual/GaussianMixture___TableOfReal__To_ClassificationTable.html
  pladdrr/pladdrr/src/praat.github.io/docs/manual/GaussianMixture___TableOfReal__To_Correlation__columns_.html
  pladdrr/pladdrr/src/praat.github.io/docs/manual/GaussianMixture___TableOfReal__To_GaussianMixture__CEMM.html
  pladdrr/pladdrr/src/praat.github.io/docs/manual/GaussianMixture___TableOfReal__To_Table__BHEP_normality.html
  pladdrr/pladdrr/src/praat.github.io/docs/manual/HMMObservationSequence__To_TableOfReal__bigrams____.html
  pladdrr/pladdrr/src/praat.github.io/docs/manual/HMM___HMMObservationSequence__To_TableOfReal__bigrams__.html
  pladdrr/pladdrr/src/praat.github.io/docs/manual/HMM___HMM___HMMObservationSequence__Get_cross-entropy.html
  pladdrr/pladdrr/src/praat.github.io/docs/manual/KlattGrid__Extract_oral_formant_grid__open_phases____.html
  pladdrr/pladdrr/src/praat.github.io/docs/manual/LPC___Sound__Filter__inverse__with_filter_at_time___.html
  pladdrr/pladdrr/src/praat.github.io/docs/manual/Nagarajan__Wang__Merzenich__Schreiner__Johnston__Jenkin.html
  pladdrr/pladdrr/src/praat.github.io/docs/manual/OTGrammar___PairDistribution__Find_positive_weights___.html
  pladdrr/pladdrr/src/praat.github.io/docs/manual/PCA___Configuration__To_TableOfReal__reconstruct_.html
  pladdrr/pladdrr/src/praat.github.io/docs/manual/PowerCepstrogram__To_Table__cepstral_peak_prominences__.html
  pladdrr/pladdrr/src/praat.github.io/docs/manual/PowerCepstrogram__To_Table__cepstral_peak_prominences___1.png
  pladdrr/pladdrr/src/praat.github.io/docs/manual/Read_TableOfReal_from_headerless_spreadsheet_file___.html
  pladdrr/pladdrr/src/praat.github.io/docs/manual/Regular_expressions_4__Special_constructs_with_parenthe.html
  pladdrr/pladdrr/src/praat.github.io/docs/manual/Regular_expressions_5__Special_control_characters.html
  pladdrr/pladdrr/src/praat.github.io/docs/manual/Regular_expressions_6__Convenience_escape_sequences.html
  pladdrr/pladdrr/src/praat.github.io/docs/manual/Regular_expressions_7__Octal_and_hexadecimal_escapes.html
  pladdrr/pladdrr/src/praat.github.io/docs/manual/Regular_expressions_8__Substitution_special_characters.html
  pladdrr/pladdrr/src/praat.github.io/docs/manual/Scripting_6_7__Sending_a_message_to_another_program.html
  pladdrr/pladdrr/src/praat.github.io/docs/manual/Scripting_7_1__Scripting_an_editor_from_a_shell_script.html
  pladdrr/pladdrr/src/praat.github.io/docs/manual/Scripting_8__Controlling_Praat_from_another_program.html
  pladdrr/pladdrr/src/praat.github.io/docs/manual/Scripting_9__Turning_a_script_into_a_stand-alone_progra.html
  pladdrr/pladdrr/src/praat.github.io/docs/manual/Source-filter_synthesis_1__Creating_a_source_from_pitch.html
  pladdrr/pladdrr/src/praat.github.io/docs/manual/Source-filter_synthesis_1__Creating_a_source_from_pitch_1.png
  pladdrr/pladdrr/src/praat.github.io/docs/manual/Source-filter_synthesis_1__Creating_a_source_from_pitch_2.png
  pladdrr/pladdrr/src/praat.github.io/docs/manual/Source-filter_synthesis_1__Creating_a_source_from_pitch_3.png
  pladdrr/pladdrr/src/praat.github.io/docs/manual/Source-filter_synthesis_4__Using_existing_sounds.html
  pladdrr/pladdrr/src/praat.github.io/docs/manual/SpeechSynthesizer__Set_speech_rate_from_speech___.html
  pladdrr/pladdrr/src/praat.github.io/docs/manual/TableOfReal__Report_multivariate_normality__BHEP____.html
  pladdrr/pladdrr/src/praat.github.io/docs/manual/TableOfReal__To_TableOfReal__means_by_row_labels____.html
  pladdrr/pladdrr/src/praat.github.io/docs/manual/TextGridNavigator___TextGrid__Add_search_tier___.html
  pladdrr/pladdrr/src/praat.github.io/docs/manual/TextGridNavigator___TextGrid__Replace_search_tiers.html
  pladdrr/pladdrr/src/praat.github.io/docs/manual/TextGrid___DurationTier__To_TextGrid__scale_times_.html
  pladdrr/pladdrr/src/praat.github.io/docs/manual/Voice_6__Automating_voice_analysis_with_a_script.html
  pladdrr/pladdrr/src/praat.github.io/docs/manual/VowelEditor__Show_vowel_marks_from_Table_file___.html
  pladdrr/pladdrr/src/praat.github.io/docs/manual/_random_initializeWithSeedUnsafelyButPredictably_.html
  pladdrr/pladdrr/src/praat.github.io/docs/manual/pairwise_algorithm_for_computing_sample_variances.html
  pladdrr/pladdrr/src/praat.github.io/external/flac/flac_deduplication_bitreader_read_rice_signed_block_c.h
  pladdrr/pladdrr/src/praat.github.io/external/flac/flac_deduplication_lpc_compute_autocorrelation_intrin_c.h

Tarballs are only required to store paths of up to 100 bytes and cannot
store those of more than 256 bytes, with restrictions including to 100
bytes for the final component.
See section ‘Package structure’ in the ‘Writing R Extensions’ manual.
* checking for sufficient/correct file permissions ... OK
* checking whether package ‘pladdrr’ can be installed ... ERROR
Installation failed.
See ‘/Users/frkkan96/Documents/src/pladdrr/pladdrr.Rcheck/00install.out’ for details.
* DONE

Status: 1 ERROR, 2 WARNINGs, 2 NOTEs
See
  ‘/Users/frkkan96/Documents/src/pladdrr/pladdrr.Rcheck/00check.log’
for details.

