* installing to library ‘/Library/Frameworks/R.framework/Versions/4.4-arm64/Resources/library’
* installing *source* package ‘speaker’ ...
** using staged installation
Checking for RcppXsimd...
RcppXsimd found - enabling SIMD optimizations
Configuration complete
** libs
using C++ compiler: ‘Apple clang version 17.0.0 (clang-1700.4.4.1)’
using C++17
using SDK: ‘’
clang++ -arch arm64 -std=gnu++17 -I"/Library/Frameworks/R.framework/Resources/include" -DNDEBUG -DHAVE_XSIMD -I../inst/include -I'/Library/Frameworks/R.framework/Versions/4.4-arm64/Resources/library/Rcpp/include' -I'/Library/Frameworks/R.framework/Versions/4.4-arm64/Resources/library/RcppXsimd/include' -I/opt/R/arm64/include -I/opt/homebrew/opt/libomp/include -Xclang -fopenmp   -std=gnu++17 -fPIC  -falign-functions=64 -Wall -g -O2   -c RcppExports.cpp -o RcppExports.o
In file included from RcppExports.cpp:4:
In file included from ./../inst/include/speaker.h:7:
In file included from ./../inst/include/speaker_RcppExports.h:8:
In file included from /Library/Frameworks/R.framework/Versions/4.4-arm64/Resources/library/Rcpp/include/Rcpp.h:47:
/Library/Frameworks/R.framework/Versions/4.4-arm64/Resources/library/Rcpp/include/Rcpp/XPtr.h:31:5: warning: deleting pointer to incomplete type 'structFormant' is incompatible with C++2c and may cause undefined behavior [-Wdelete-incomplete]
   31 |     delete obj;
      |     ^      ~~~
/Library/Frameworks/R.framework/Versions/4.4-arm64/Resources/library/Rcpp/include/Rcpp/XPtr.h:54:26: note: in instantiation of function template specialization 'Rcpp::standard_delete_finalizer<structFormant>' requested here
   54 |     void Finalizer(T*) = standard_delete_finalizer<T>,
      |                          ^
./../inst/include/speaker_types.h:9:8: note: forward declaration of 'structFormant'
    9 | struct structFormant;
      |        ^
In file included from RcppExports.cpp:4:
In file included from ./../inst/include/speaker.h:7:
In file included from ./../inst/include/speaker_RcppExports.h:8:
In file included from /Library/Frameworks/R.framework/Versions/4.4-arm64/Resources/library/Rcpp/include/Rcpp.h:47:
/Library/Frameworks/R.framework/Versions/4.4-arm64/Resources/library/Rcpp/include/Rcpp/XPtr.h:31:5: warning: deleting pointer to incomplete type 'structSound' is incompatible with C++2c and may cause undefined behavior [-Wdelete-incomplete]
   31 |     delete obj;
      |     ^      ~~~
/Library/Frameworks/R.framework/Versions/4.4-arm64/Resources/library/Rcpp/include/Rcpp/XPtr.h:54:26: note: in instantiation of function template specialization 'Rcpp::standard_delete_finalizer<structSound>' requested here
   54 |     void Finalizer(T*) = standard_delete_finalizer<T>,
      |                          ^
./../inst/include/speaker_types.h:7:8: note: forward declaration of 'structSound'
    7 | struct structSound;
      |        ^
In file included from RcppExports.cpp:4:
In file included from ./../inst/include/speaker.h:7:
In file included from ./../inst/include/speaker_RcppExports.h:8:
In file included from /Library/Frameworks/R.framework/Versions/4.4-arm64/Resources/library/Rcpp/include/Rcpp.h:47:
/Library/Frameworks/R.framework/Versions/4.4-arm64/Resources/library/Rcpp/include/Rcpp/XPtr.h:31:5: warning: deleting pointer to incomplete type 'structTable' is incompatible with C++2c and may cause undefined behavior [-Wdelete-incomplete]
   31 |     delete obj;
      |     ^      ~~~
/Library/Frameworks/R.framework/Versions/4.4-arm64/Resources/library/Rcpp/include/Rcpp/XPtr.h:54:26: note: in instantiation of function template specialization 'Rcpp::standard_delete_finalizer<structTable>' requested here
   54 |     void Finalizer(T*) = standard_delete_finalizer<T>,
      |                          ^
./../inst/include/speaker_types.h:24:8: note: forward declaration of 'structTable'
   24 | struct structTable;
      |        ^
In file included from RcppExports.cpp:4:
In file included from ./../inst/include/speaker.h:7:
In file included from ./../inst/include/speaker_RcppExports.h:8:
In file included from /Library/Frameworks/R.framework/Versions/4.4-arm64/Resources/library/Rcpp/include/Rcpp.h:47:
/Library/Frameworks/R.framework/Versions/4.4-arm64/Resources/library/Rcpp/include/Rcpp/XPtr.h:31:5: warning: deleting pointer to incomplete type 'structFormantGrid' is incompatible with C++2c and may cause undefined behavior [-Wdelete-incomplete]
   31 |     delete obj;
      |     ^      ~~~
/Library/Frameworks/R.framework/Versions/4.4-arm64/Resources/library/Rcpp/include/Rcpp/XPtr.h:54:26: note: in instantiation of function template specialization 'Rcpp::standard_delete_finalizer<structFormantGrid>' requested here
   54 |     void Finalizer(T*) = standard_delete_finalizer<T>,
      |                          ^
./../inst/include/speaker_types.h:10:8: note: forward declaration of 'structFormantGrid'
   10 | struct structFormantGrid;
      |        ^
In file included from RcppExports.cpp:4:
In file included from ./../inst/include/speaker.h:7:
In file included from ./../inst/include/speaker_RcppExports.h:8:
In file included from /Library/Frameworks/R.framework/Versions/4.4-arm64/Resources/library/Rcpp/include/Rcpp.h:47:
/Library/Frameworks/R.framework/Versions/4.4-arm64/Resources/library/Rcpp/include/Rcpp/XPtr.h:31:5: warning: deleting pointer to incomplete type 'structHarmonicity' is incompatible with C++2c and may cause undefined behavior [-Wdelete-incomplete]
   31 |     delete obj;
      |     ^      ~~~
/Library/Frameworks/R.framework/Versions/4.4-arm64/Resources/library/Rcpp/include/Rcpp/XPtr.h:54:26: note: in instantiation of function template specialization 'Rcpp::standard_delete_finalizer<structHarmonicity>' requested here
   54 |     void Finalizer(T*) = standard_delete_finalizer<T>,
      |                          ^
./../inst/include/speaker_types.h:12:8: note: forward declaration of 'structHarmonicity'
   12 | struct structHarmonicity;
      |        ^
In file included from RcppExports.cpp:4:
In file included from ./../inst/include/speaker.h:7:
In file included from ./../inst/include/speaker_RcppExports.h:8:
In file included from /Library/Frameworks/R.framework/Versions/4.4-arm64/Resources/library/Rcpp/include/Rcpp.h:47:
/Library/Frameworks/R.framework/Versions/4.4-arm64/Resources/library/Rcpp/include/Rcpp/XPtr.h:31:5: warning: deleting pointer to incomplete type 'structIntensity' is incompatible with C++2c and may cause undefined behavior [-Wdelete-incomplete]
   31 |     delete obj;
      |     ^      ~~~
/Library/Frameworks/R.framework/Versions/4.4-arm64/Resources/library/Rcpp/include/Rcpp/XPtr.h:54:26: note: in instantiation of function template specialization 'Rcpp::standard_delete_finalizer<structIntensity>' requested here
   54 |     void Finalizer(T*) = standard_delete_finalizer<T>,
      |                          ^
./../inst/include/speaker_types.h:11:8: note: forward declaration of 'structIntensity'
   11 | struct structIntensity;
      |        ^
In file included from RcppExports.cpp:4:
In file included from ./../inst/include/speaker.h:7:
In file included from ./../inst/include/speaker_RcppExports.h:8:
In file included from /Library/Frameworks/R.framework/Versions/4.4-arm64/Resources/library/Rcpp/include/Rcpp.h:47:
/Library/Frameworks/R.framework/Versions/4.4-arm64/Resources/library/Rcpp/include/Rcpp/XPtr.h:31:5: warning: deleting pointer to incomplete type 'structIntensityTier' is incompatible with C++2c and may cause undefined behavior [-Wdelete-incomplete]
   31 |     delete obj;
      |     ^      ~~~
/Library/Frameworks/R.framework/Versions/4.4-arm64/Resources/library/Rcpp/include/Rcpp/XPtr.h:54:26: note: in instantiation of function template specialization 'Rcpp::standard_delete_finalizer<structIntensityTier>' requested here
   54 |     void Finalizer(T*) = standard_delete_finalizer<T>,
      |                          ^
./../inst/include/speaker_types.h:22:8: note: forward declaration of 'structIntensityTier'
   22 | struct structIntensityTier;
      |        ^
In file included from RcppExports.cpp:4:
In file included from ./../inst/include/speaker.h:7:
In file included from ./../inst/include/speaker_RcppExports.h:8:
In file included from /Library/Frameworks/R.framework/Versions/4.4-arm64/Resources/library/Rcpp/include/Rcpp.h:47:
/Library/Frameworks/R.framework/Versions/4.4-arm64/Resources/library/Rcpp/include/Rcpp/XPtr.h:31:5: warning: deleting pointer to incomplete type 'structPitch' is incompatible with C++2c and may cause undefined behavior [-Wdelete-incomplete]
   31 |     delete obj;
      |     ^      ~~~
/Library/Frameworks/R.framework/Versions/4.4-arm64/Resources/library/Rcpp/include/Rcpp/XPtr.h:54:26: note: in instantiation of function template specialization 'Rcpp::standard_delete_finalizer<structPitch>' requested here
   54 |     void Finalizer(T*) = standard_delete_finalizer<T>,
      |                          ^
./../inst/include/speaker_types.h:8:8: note: forward declaration of 'structPitch'
    8 | struct structPitch;
      |        ^
In file included from RcppExports.cpp:4:
In file included from ./../inst/include/speaker.h:7:
In file included from ./../inst/include/speaker_RcppExports.h:8:
In file included from /Library/Frameworks/R.framework/Versions/4.4-arm64/Resources/library/Rcpp/include/Rcpp.h:47:
/Library/Frameworks/R.framework/Versions/4.4-arm64/Resources/library/Rcpp/include/Rcpp/XPtr.h:31:5: warning: deleting pointer to incomplete type 'structSpectrum' is incompatible with C++2c and may cause undefined behavior [-Wdelete-incomplete]
   31 |     delete obj;
      |     ^      ~~~
/Library/Frameworks/R.framework/Versions/4.4-arm64/Resources/library/Rcpp/include/Rcpp/XPtr.h:54:26: note: in instantiation of function template specialization 'Rcpp::standard_delete_finalizer<structSpectrum>' requested here
   54 |     void Finalizer(T*) = standard_delete_finalizer<T>,
      |                          ^
./../inst/include/speaker_types.h:14:8: note: forward declaration of 'structSpectrum'
   14 | struct structSpectrum;
      |        ^
In file included from RcppExports.cpp:4:
In file included from ./../inst/include/speaker.h:7:
In file included from ./../inst/include/speaker_RcppExports.h:8:
In file included from /Library/Frameworks/R.framework/Versions/4.4-arm64/Resources/library/Rcpp/include/Rcpp.h:47:
/Library/Frameworks/R.framework/Versions/4.4-arm64/Resources/library/Rcpp/include/Rcpp/XPtr.h:31:5: warning: deleting pointer to incomplete type 'structSpectrogram' is incompatible with C++2c and may cause undefined behavior [-Wdelete-incomplete]
   31 |     delete obj;
      |     ^      ~~~
/Library/Frameworks/R.framework/Versions/4.4-arm64/Resources/library/Rcpp/include/Rcpp/XPtr.h:54:26: note: in instantiation of function template specialization 'Rcpp::standard_delete_finalizer<structSpectrogram>' requested here
   54 |     void Finalizer(T*) = standard_delete_finalizer<T>,
      |                          ^
./../inst/include/speaker_types.h:13:8: note: forward declaration of 'structSpectrogram'
   13 | struct structSpectrogram;
      |        ^
In file included from RcppExports.cpp:4:
In file included from ./../inst/include/speaker.h:7:
In file included from ./../inst/include/speaker_RcppExports.h:8:
In file included from /Library/Frameworks/R.framework/Versions/4.4-arm64/Resources/library/Rcpp/include/Rcpp.h:47:
/Library/Frameworks/R.framework/Versions/4.4-arm64/Resources/library/Rcpp/include/Rcpp/XPtr.h:31:5: warning: deleting pointer to incomplete type 'structPointProcess' is incompatible with C++2c and may cause undefined behavior [-Wdelete-incomplete]
   31 |     delete obj;
      |     ^      ~~~
/Library/Frameworks/R.framework/Versions/4.4-arm64/Resources/library/Rcpp/include/Rcpp/XPtr.h:54:26: note: in instantiation of function template specialization 'Rcpp::standard_delete_finalizer<structPointProcess>' requested here
   54 |     void Finalizer(T*) = standard_delete_finalizer<T>,
      |                          ^
./../inst/include/speaker_types.h:17:8: note: forward declaration of 'structPointProcess'
   17 | struct structPointProcess;
      |        ^
In file included from RcppExports.cpp:4:
In file included from ./../inst/include/speaker.h:7:
In file included from ./../inst/include/speaker_RcppExports.h:8:
In file included from /Library/Frameworks/R.framework/Versions/4.4-arm64/Resources/library/Rcpp/include/Rcpp.h:47:
/Library/Frameworks/R.framework/Versions/4.4-arm64/Resources/library/Rcpp/include/Rcpp/XPtr.h:31:5: warning: deleting pointer to incomplete type 'structDurationTier' is incompatible with C++2c and may cause undefined behavior [-Wdelete-incomplete]
   31 |     delete obj;
      |     ^      ~~~
/Library/Frameworks/R.framework/Versions/4.4-arm64/Resources/library/Rcpp/include/Rcpp/XPtr.h:54:26: note: in instantiation of function template specialization 'Rcpp::standard_delete_finalizer<structDurationTier>' requested here
   54 |     void Finalizer(T*) = standard_delete_finalizer<T>,
      |                          ^
./../inst/include/speaker_types.h:21:8: note: forward declaration of 'structDurationTier'
   21 | struct structDurationTier;
      |        ^
In file included from RcppExports.cpp:4:
In file included from ./../inst/include/speaker.h:7:
In file included from ./../inst/include/speaker_RcppExports.h:8:
In file included from /Library/Frameworks/R.framework/Versions/4.4-arm64/Resources/library/Rcpp/include/Rcpp.h:47:
/Library/Frameworks/R.framework/Versions/4.4-arm64/Resources/library/Rcpp/include/Rcpp/XPtr.h:31:5: warning: deleting pointer to incomplete type 'structLPC' is incompatible with C++2c and may cause undefined behavior [-Wdelete-incomplete]
   31 |     delete obj;
      |     ^      ~~~
/Library/Frameworks/R.framework/Versions/4.4-arm64/Resources/library/Rcpp/include/Rcpp/XPtr.h:54:26: note: in instantiation of function template specialization 'Rcpp::standard_delete_finalizer<structLPC>' requested here
   54 |     void Finalizer(T*) = standard_delete_finalizer<T>,
      |                          ^
./../inst/include/speaker_types.h:19:8: note: forward declaration of 'structLPC'
   19 | struct structLPC;
      |        ^
In file included from RcppExports.cpp:4:
In file included from ./../inst/include/speaker.h:7:
In file included from ./../inst/include/speaker_RcppExports.h:8:
In file included from /Library/Frameworks/R.framework/Versions/4.4-arm64/Resources/library/Rcpp/include/Rcpp.h:47:
/Library/Frameworks/R.framework/Versions/4.4-arm64/Resources/library/Rcpp/include/Rcpp/XPtr.h:31:5: warning: deleting pointer to incomplete type 'structMatrix' is incompatible with C++2c and may cause undefined behavior [-Wdelete-incomplete]
   31 |     delete obj;
      |     ^      ~~~
/Library/Frameworks/R.framework/Versions/4.4-arm64/Resources/library/Rcpp/include/Rcpp/XPtr.h:54:26: note: in instantiation of function template specialization 'Rcpp::standard_delete_finalizer<structMatrix>' requested here
   54 |     void Finalizer(T*) = standard_delete_finalizer<T>,
      |                          ^
./../inst/include/speaker_types.h:23:8: note: forward declaration of 'structMatrix'
   23 | struct structMatrix;
      |        ^
In file included from RcppExports.cpp:4:
In file included from ./../inst/include/speaker.h:7:
In file included from ./../inst/include/speaker_RcppExports.h:8:
In file included from /Library/Frameworks/R.framework/Versions/4.4-arm64/Resources/library/Rcpp/include/Rcpp.h:47:
/Library/Frameworks/R.framework/Versions/4.4-arm64/Resources/library/Rcpp/include/Rcpp/XPtr.h:31:5: warning: deleting pointer to incomplete type 'structLtas' is incompatible with C++2c and may cause undefined behavior [-Wdelete-incomplete]
   31 |     delete obj;
      |     ^      ~~~
/Library/Frameworks/R.framework/Versions/4.4-arm64/Resources/library/Rcpp/include/Rcpp/XPtr.h:54:26: note: in instantiation of function template specialization 'Rcpp::standard_delete_finalizer<structLtas>' requested here
   54 |     void Finalizer(T*) = standard_delete_finalizer<T>,
      |                          ^
./../inst/include/speaker_types.h:15:8: note: forward declaration of 'structLtas'
   15 | struct structLtas;
      |        ^
In file included from RcppExports.cpp:4:
In file included from ./../inst/include/speaker.h:7:
In file included from ./../inst/include/speaker_RcppExports.h:8:
In file included from /Library/Frameworks/R.framework/Versions/4.4-arm64/Resources/library/Rcpp/include/Rcpp.h:47:
/Library/Frameworks/R.framework/Versions/4.4-arm64/Resources/library/Rcpp/include/Rcpp/XPtr.h:31:5: warning: deleting pointer to incomplete type 'structManipulation' is incompatible with C++2c and may cause undefined behavior [-Wdelete-incomplete]
   31 |     delete obj;
      |     ^      ~~~
/Library/Frameworks/R.framework/Versions/4.4-arm64/Resources/library/Rcpp/include/Rcpp/XPtr.h:54:26: note: in instantiation of function template specialization 'Rcpp::standard_delete_finalizer<structManipulation>' requested here
   54 |     void Finalizer(T*) = standard_delete_finalizer<T>,
      |                          ^
./../inst/include/speaker_types.h:18:8: note: forward declaration of 'structManipulation'
   18 | struct structManipulation;
      |        ^
In file included from RcppExports.cpp:4:
In file included from ./../inst/include/speaker.h:7:
In file included from ./../inst/include/speaker_RcppExports.h:8:
In file included from /Library/Frameworks/R.framework/Versions/4.4-arm64/Resources/library/Rcpp/include/Rcpp.h:47:
/Library/Frameworks/R.framework/Versions/4.4-arm64/Resources/library/Rcpp/include/Rcpp/XPtr.h:31:5: warning: deleting pointer to incomplete type 'structPitchTier' is incompatible with C++2c and may cause undefined behavior [-Wdelete-incomplete]
   31 |     delete obj;
      |     ^      ~~~
/Library/Frameworks/R.framework/Versions/4.4-arm64/Resources/library/Rcpp/include/Rcpp/XPtr.h:54:26: note: in instantiation of function template specialization 'Rcpp::standard_delete_finalizer<structPitchTier>' requested here
   54 |     void Finalizer(T*) = standard_delete_finalizer<T>,
      |                          ^
./../inst/include/speaker_types.h:20:8: note: forward declaration of 'structPitchTier'
   20 | struct structPitchTier;
      |        ^
In file included from RcppExports.cpp:4:
In file included from ./../inst/include/speaker.h:7:
In file included from ./../inst/include/speaker_RcppExports.h:8:
In file included from /Library/Frameworks/R.framework/Versions/4.4-arm64/Resources/library/Rcpp/include/Rcpp.h:47:
/Library/Frameworks/R.framework/Versions/4.4-arm64/Resources/library/Rcpp/include/Rcpp/XPtr.h:31:5: warning: deleting pointer to incomplete type 'structTextGrid' is incompatible with C++2c and may cause undefined behavior [-Wdelete-incomplete]
   31 |     delete obj;
      |     ^      ~~~
/Library/Frameworks/R.framework/Versions/4.4-arm64/Resources/library/Rcpp/include/Rcpp/XPtr.h:54:26: note: in instantiation of function template specialization 'Rcpp::standard_delete_finalizer<structTextGrid>' requested here
   54 |     void Finalizer(T*) = standard_delete_finalizer<T>,
      |                          ^
./../inst/include/speaker_types.h:16:8: note: forward declaration of 'structTextGrid'
   16 | struct structTextGrid;
      |        ^
18 warnings generated.
clang++ -arch arm64 -std=gnu++17 -I"/Library/Frameworks/R.framework/Resources/include" -DNDEBUG -DHAVE_XSIMD -I../inst/include -I'/Library/Frameworks/R.framework/Versions/4.4-arm64/Resources/library/Rcpp/include' -I'/Library/Frameworks/R.framework/Versions/4.4-arm64/Resources/library/RcppXsimd/include' -I/opt/R/arm64/include -I/opt/homebrew/opt/libomp/include -Xclang -fopenmp   -std=gnu++17 -fPIC  -falign-functions=64 -Wall -g -O2   -c amplitudetier_wrappers.cpp -o amplitudetier_wrappers.o
In file included from amplitudetier_wrappers.cpp:2:
./praat.github.io/sys/Thing.h:24:11: fatal error: 'melder.h' file not found
   24 |         #include "melder.h"
      |                  ^~~~~~~~~~
1 error generated.
make: *** [amplitudetier_wrappers.o] Error 1
ERROR: compilation failed for package ‘speaker’
* removing ‘/Library/Frameworks/R.framework/Versions/4.4-arm64/Resources/library/speaker’
* restoring previous ‘/Library/Frameworks/R.framework/Versions/4.4-arm64/Resources/library/speaker’
